// Jest Snapshot v1, https://goo.gl/fbAQLP

exports[`Film component Film should render 1`] = `
<div>
  <ul
    id="filmList"
  />
</div>
`;
