// Jest Snapshot v1, https://goo.gl/fbAQLP

exports[`Common Button component Button should render 1`] = `
<div
  className="form-group"
>
  <input
    className="form-control"
    disabled={false}
    id="button"
    style={undefined}
    type="button"
    value="Button"
  />
</div>
`;
